                                      1 ;--------------------------------------------------------
                                      2 ; File Created by SDCC : free open source ISO C Compiler 
                                      3 ; Version 4.4.0 #14620 (Linux)
                                      4 ;--------------------------------------------------------
                                      5 	.module stm8s_it
                                      6 	.optsdcc -mstm8
                                      7 	
                                      8 ;--------------------------------------------------------
                                      9 ; Public variables in this module
                                     10 ;--------------------------------------------------------
                                     11 	.globl _TIM4_ClearFlag
                                     12 	.globl _TRAP_IRQHandler
                                     13 	.globl _TLI_IRQHandler
                                     14 	.globl _AWU_IRQHandler
                                     15 	.globl _CLK_IRQHandler
                                     16 	.globl _EXTI_PORTA_IRQHandler
                                     17 	.globl _EXTI_PORTB_IRQHandler
                                     18 	.globl _EXTI_PORTC_IRQHandler
                                     19 	.globl _EXTI_PORTD_IRQHandler
                                     20 	.globl _EXTI_PORTE_IRQHandler
                                     21 	.globl _CAN_RX_IRQHandler
                                     22 	.globl _CAN_TX_IRQHandler
                                     23 	.globl _SPI_IRQHandler
                                     24 	.globl _TIM1_UPD_OVF_TRG_BRK_IRQHandler
                                     25 	.globl _TIM1_CAP_COM_IRQHandler
                                     26 	.globl _TIM2_UPD_OVF_BRK_IRQHandler
                                     27 	.globl _TIM2_CAP_COM_IRQHandler
                                     28 	.globl _TIM3_UPD_OVF_BRK_IRQHandler
                                     29 	.globl _TIM3_CAP_COM_IRQHandler
                                     30 	.globl _UART1_TX_IRQHandler
                                     31 	.globl _UART1_RX_IRQHandler
                                     32 	.globl _I2C_IRQHandler
                                     33 	.globl _UART3_TX_IRQHandler
                                     34 	.globl _UART3_RX_IRQHandler
                                     35 	.globl _ADC2_IRQHandler
                                     36 	.globl _TIM4_UPD_OVF_IRQHandler
                                     37 	.globl _EEPROM_EEC_IRQHandler
                                     38 ;--------------------------------------------------------
                                     39 ; ram data
                                     40 ;--------------------------------------------------------
                                     41 	.area DATA
                                     42 ;--------------------------------------------------------
                                     43 ; ram data
                                     44 ;--------------------------------------------------------
                                     45 	.area INITIALIZED
                                     46 ;--------------------------------------------------------
                                     47 ; absolute external ram data
                                     48 ;--------------------------------------------------------
                                     49 	.area DABS (ABS)
                                     50 
                                     51 ; default segment ordering for linker
                                     52 	.area HOME
                                     53 	.area GSINIT
                                     54 	.area GSFINAL
                                     55 	.area CONST
                                     56 	.area INITIALIZER
                                     57 	.area CODE
                                     58 
                                     59 ;--------------------------------------------------------
                                     60 ; global & static initialisations
                                     61 ;--------------------------------------------------------
                                     62 	.area HOME
                                     63 	.area GSINIT
                                     64 	.area GSFINAL
                                     65 	.area GSINIT
                                     66 ;--------------------------------------------------------
                                     67 ; Home
                                     68 ;--------------------------------------------------------
                                     69 	.area HOME
                                     70 	.area HOME
                                     71 ;--------------------------------------------------------
                                     72 ; code
                                     73 ;--------------------------------------------------------
                                     74 	.area CODE
                                     75 ;	./src/stm8s_it.c: 65: INTERRUPT_HANDLER_TRAP(TRAP_IRQHandler)
                                     76 ; genLabel
                                     77 ;	-----------------------------------------
                                     78 ;	 function TRAP_IRQHandler
                                     79 ;	-----------------------------------------
                                     80 ;	Register assignment is optimal.
                                     81 ;	Stack space usage: 0 bytes.
      000000                         82 _TRAP_IRQHandler:
                                     83 ;	./src/stm8s_it.c: 70: }
                                     84 ; genLabel
      000000                         85 00101$:
                                     86 ; genEndFunction
      000000 80               [11]   87 	iret
                                     88 ;	./src/stm8s_it.c: 76: INTERRUPT_HANDLER(TLI_IRQHandler, 0)
                                     89 ; genLabel
                                     90 ;	-----------------------------------------
                                     91 ;	 function TLI_IRQHandler
                                     92 ;	-----------------------------------------
                                     93 ;	Register assignment is optimal.
                                     94 ;	Stack space usage: 0 bytes.
      000001                         95 _TLI_IRQHandler:
                                     96 ;	./src/stm8s_it.c: 81: }
                                     97 ; genLabel
      000001                         98 00101$:
                                     99 ; genEndFunction
      000001 80               [11]  100 	iret
                                    101 ;	./src/stm8s_it.c: 88: INTERRUPT_HANDLER(AWU_IRQHandler, 1)
                                    102 ; genLabel
                                    103 ;	-----------------------------------------
                                    104 ;	 function AWU_IRQHandler
                                    105 ;	-----------------------------------------
                                    106 ;	Register assignment is optimal.
                                    107 ;	Stack space usage: 0 bytes.
      000002                        108 _AWU_IRQHandler:
                                    109 ;	./src/stm8s_it.c: 93: }
                                    110 ; genLabel
      000002                        111 00101$:
                                    112 ; genEndFunction
      000002 80               [11]  113 	iret
                                    114 ;	./src/stm8s_it.c: 100: INTERRUPT_HANDLER(CLK_IRQHandler, 2)
                                    115 ; genLabel
                                    116 ;	-----------------------------------------
                                    117 ;	 function CLK_IRQHandler
                                    118 ;	-----------------------------------------
                                    119 ;	Register assignment is optimal.
                                    120 ;	Stack space usage: 0 bytes.
      000003                        121 _CLK_IRQHandler:
                                    122 ;	./src/stm8s_it.c: 105: }
                                    123 ; genLabel
      000003                        124 00101$:
                                    125 ; genEndFunction
      000003 80               [11]  126 	iret
                                    127 ;	./src/stm8s_it.c: 112: INTERRUPT_HANDLER(EXTI_PORTA_IRQHandler, 3)
                                    128 ; genLabel
                                    129 ;	-----------------------------------------
                                    130 ;	 function EXTI_PORTA_IRQHandler
                                    131 ;	-----------------------------------------
                                    132 ;	Register assignment is optimal.
                                    133 ;	Stack space usage: 0 bytes.
      000004                        134 _EXTI_PORTA_IRQHandler:
                                    135 ;	./src/stm8s_it.c: 117: }
                                    136 ; genLabel
      000004                        137 00101$:
                                    138 ; genEndFunction
      000004 80               [11]  139 	iret
                                    140 ;	./src/stm8s_it.c: 124: INTERRUPT_HANDLER(EXTI_PORTB_IRQHandler, 4)
                                    141 ; genLabel
                                    142 ;	-----------------------------------------
                                    143 ;	 function EXTI_PORTB_IRQHandler
                                    144 ;	-----------------------------------------
                                    145 ;	Register assignment is optimal.
                                    146 ;	Stack space usage: 0 bytes.
      000005                        147 _EXTI_PORTB_IRQHandler:
                                    148 ;	./src/stm8s_it.c: 129: }
                                    149 ; genLabel
      000005                        150 00101$:
                                    151 ; genEndFunction
      000005 80               [11]  152 	iret
                                    153 ;	./src/stm8s_it.c: 136: INTERRUPT_HANDLER(EXTI_PORTC_IRQHandler, 5)
                                    154 ; genLabel
                                    155 ;	-----------------------------------------
                                    156 ;	 function EXTI_PORTC_IRQHandler
                                    157 ;	-----------------------------------------
                                    158 ;	Register assignment is optimal.
                                    159 ;	Stack space usage: 0 bytes.
      000006                        160 _EXTI_PORTC_IRQHandler:
                                    161 ;	./src/stm8s_it.c: 141: }
                                    162 ; genLabel
      000006                        163 00101$:
                                    164 ; genEndFunction
      000006 80               [11]  165 	iret
                                    166 ;	./src/stm8s_it.c: 148: INTERRUPT_HANDLER(EXTI_PORTD_IRQHandler, 6)
                                    167 ; genLabel
                                    168 ;	-----------------------------------------
                                    169 ;	 function EXTI_PORTD_IRQHandler
                                    170 ;	-----------------------------------------
                                    171 ;	Register assignment is optimal.
                                    172 ;	Stack space usage: 0 bytes.
      000007                        173 _EXTI_PORTD_IRQHandler:
                                    174 ;	./src/stm8s_it.c: 153: }
                                    175 ; genLabel
      000007                        176 00101$:
                                    177 ; genEndFunction
      000007 80               [11]  178 	iret
                                    179 ;	./src/stm8s_it.c: 160: INTERRUPT_HANDLER(EXTI_PORTE_IRQHandler, 7)
                                    180 ; genLabel
                                    181 ;	-----------------------------------------
                                    182 ;	 function EXTI_PORTE_IRQHandler
                                    183 ;	-----------------------------------------
                                    184 ;	Register assignment is optimal.
                                    185 ;	Stack space usage: 0 bytes.
      000008                        186 _EXTI_PORTE_IRQHandler:
                                    187 ;	./src/stm8s_it.c: 165: }
                                    188 ; genLabel
      000008                        189 00101$:
                                    190 ; genEndFunction
      000008 80               [11]  191 	iret
                                    192 ;	./src/stm8s_it.c: 186: INTERRUPT_HANDLER(CAN_RX_IRQHandler, 8)
                                    193 ; genLabel
                                    194 ;	-----------------------------------------
                                    195 ;	 function CAN_RX_IRQHandler
                                    196 ;	-----------------------------------------
                                    197 ;	Register assignment is optimal.
                                    198 ;	Stack space usage: 0 bytes.
      000009                        199 _CAN_RX_IRQHandler:
                                    200 ;	./src/stm8s_it.c: 191: }
                                    201 ; genLabel
      000009                        202 00101$:
                                    203 ; genEndFunction
      000009 80               [11]  204 	iret
                                    205 ;	./src/stm8s_it.c: 198: INTERRUPT_HANDLER(CAN_TX_IRQHandler, 9)
                                    206 ; genLabel
                                    207 ;	-----------------------------------------
                                    208 ;	 function CAN_TX_IRQHandler
                                    209 ;	-----------------------------------------
                                    210 ;	Register assignment is optimal.
                                    211 ;	Stack space usage: 0 bytes.
      00000A                        212 _CAN_TX_IRQHandler:
                                    213 ;	./src/stm8s_it.c: 203: }
                                    214 ; genLabel
      00000A                        215 00101$:
                                    216 ; genEndFunction
      00000A 80               [11]  217 	iret
                                    218 ;	./src/stm8s_it.c: 211: INTERRUPT_HANDLER(SPI_IRQHandler, 10)
                                    219 ; genLabel
                                    220 ;	-----------------------------------------
                                    221 ;	 function SPI_IRQHandler
                                    222 ;	-----------------------------------------
                                    223 ;	Register assignment is optimal.
                                    224 ;	Stack space usage: 0 bytes.
      00000B                        225 _SPI_IRQHandler:
                                    226 ;	./src/stm8s_it.c: 216: }
                                    227 ; genLabel
      00000B                        228 00101$:
                                    229 ; genEndFunction
      00000B 80               [11]  230 	iret
                                    231 ;	./src/stm8s_it.c: 223: INTERRUPT_HANDLER(TIM1_UPD_OVF_TRG_BRK_IRQHandler, 11)
                                    232 ; genLabel
                                    233 ;	-----------------------------------------
                                    234 ;	 function TIM1_UPD_OVF_TRG_BRK_IRQHandler
                                    235 ;	-----------------------------------------
                                    236 ;	Register assignment is optimal.
                                    237 ;	Stack space usage: 0 bytes.
      00000C                        238 _TIM1_UPD_OVF_TRG_BRK_IRQHandler:
                                    239 ;	./src/stm8s_it.c: 228: }
                                    240 ; genLabel
      00000C                        241 00101$:
                                    242 ; genEndFunction
      00000C 80               [11]  243 	iret
                                    244 ;	./src/stm8s_it.c: 235: INTERRUPT_HANDLER(TIM1_CAP_COM_IRQHandler, 12)
                                    245 ; genLabel
                                    246 ;	-----------------------------------------
                                    247 ;	 function TIM1_CAP_COM_IRQHandler
                                    248 ;	-----------------------------------------
                                    249 ;	Register assignment is optimal.
                                    250 ;	Stack space usage: 0 bytes.
      00000D                        251 _TIM1_CAP_COM_IRQHandler:
                                    252 ;	./src/stm8s_it.c: 240: }
                                    253 ; genLabel
      00000D                        254 00101$:
                                    255 ; genEndFunction
      00000D 80               [11]  256 	iret
                                    257 ;	./src/stm8s_it.c: 272: INTERRUPT_HANDLER(TIM2_UPD_OVF_BRK_IRQHandler, 13)
                                    258 ; genLabel
                                    259 ;	-----------------------------------------
                                    260 ;	 function TIM2_UPD_OVF_BRK_IRQHandler
                                    261 ;	-----------------------------------------
                                    262 ;	Register assignment is optimal.
                                    263 ;	Stack space usage: 0 bytes.
      00000E                        264 _TIM2_UPD_OVF_BRK_IRQHandler:
                                    265 ;	./src/stm8s_it.c: 277: }
                                    266 ; genLabel
      00000E                        267 00101$:
                                    268 ; genEndFunction
      00000E 80               [11]  269 	iret
                                    270 ;	./src/stm8s_it.c: 284: INTERRUPT_HANDLER(TIM2_CAP_COM_IRQHandler, 14)
                                    271 ; genLabel
                                    272 ;	-----------------------------------------
                                    273 ;	 function TIM2_CAP_COM_IRQHandler
                                    274 ;	-----------------------------------------
                                    275 ;	Register assignment is optimal.
                                    276 ;	Stack space usage: 0 bytes.
      00000F                        277 _TIM2_CAP_COM_IRQHandler:
                                    278 ;	./src/stm8s_it.c: 289: }
                                    279 ; genLabel
      00000F                        280 00101$:
                                    281 ; genEndFunction
      00000F 80               [11]  282 	iret
                                    283 ;	./src/stm8s_it.c: 299: INTERRUPT_HANDLER(TIM3_UPD_OVF_BRK_IRQHandler, 15)
                                    284 ; genLabel
                                    285 ;	-----------------------------------------
                                    286 ;	 function TIM3_UPD_OVF_BRK_IRQHandler
                                    287 ;	-----------------------------------------
                                    288 ;	Register assignment is optimal.
                                    289 ;	Stack space usage: 0 bytes.
      000010                        290 _TIM3_UPD_OVF_BRK_IRQHandler:
                                    291 ;	./src/stm8s_it.c: 304: }
                                    292 ; genLabel
      000010                        293 00101$:
                                    294 ; genEndFunction
      000010 80               [11]  295 	iret
                                    296 ;	./src/stm8s_it.c: 311: INTERRUPT_HANDLER(TIM3_CAP_COM_IRQHandler, 16)
                                    297 ; genLabel
                                    298 ;	-----------------------------------------
                                    299 ;	 function TIM3_CAP_COM_IRQHandler
                                    300 ;	-----------------------------------------
                                    301 ;	Register assignment is optimal.
                                    302 ;	Stack space usage: 0 bytes.
      000011                        303 _TIM3_CAP_COM_IRQHandler:
                                    304 ;	./src/stm8s_it.c: 316: }
                                    305 ; genLabel
      000011                        306 00101$:
                                    307 ; genEndFunction
      000011 80               [11]  308 	iret
                                    309 ;	./src/stm8s_it.c: 326: INTERRUPT_HANDLER(UART1_TX_IRQHandler, 17)
                                    310 ; genLabel
                                    311 ;	-----------------------------------------
                                    312 ;	 function UART1_TX_IRQHandler
                                    313 ;	-----------------------------------------
                                    314 ;	Register assignment is optimal.
                                    315 ;	Stack space usage: 0 bytes.
      000012                        316 _UART1_TX_IRQHandler:
                                    317 ;	./src/stm8s_it.c: 331: }
                                    318 ; genLabel
      000012                        319 00101$:
                                    320 ; genEndFunction
      000012 80               [11]  321 	iret
                                    322 ;	./src/stm8s_it.c: 338: INTERRUPT_HANDLER(UART1_RX_IRQHandler, 18)
                                    323 ; genLabel
                                    324 ;	-----------------------------------------
                                    325 ;	 function UART1_RX_IRQHandler
                                    326 ;	-----------------------------------------
                                    327 ;	Register assignment is optimal.
                                    328 ;	Stack space usage: 0 bytes.
      000013                        329 _UART1_RX_IRQHandler:
                                    330 ;	./src/stm8s_it.c: 343: }
                                    331 ; genLabel
      000013                        332 00101$:
                                    333 ; genEndFunction
      000013 80               [11]  334 	iret
                                    335 ;	./src/stm8s_it.c: 351: INTERRUPT_HANDLER(I2C_IRQHandler, 19)
                                    336 ; genLabel
                                    337 ;	-----------------------------------------
                                    338 ;	 function I2C_IRQHandler
                                    339 ;	-----------------------------------------
                                    340 ;	Register assignment is optimal.
                                    341 ;	Stack space usage: 0 bytes.
      000014                        342 _I2C_IRQHandler:
                                    343 ;	./src/stm8s_it.c: 356: }
                                    344 ; genLabel
      000014                        345 00101$:
                                    346 ; genEndFunction
      000014 80               [11]  347 	iret
                                    348 ;	./src/stm8s_it.c: 390: INTERRUPT_HANDLER(UART3_TX_IRQHandler, 20)
                                    349 ; genLabel
                                    350 ;	-----------------------------------------
                                    351 ;	 function UART3_TX_IRQHandler
                                    352 ;	-----------------------------------------
                                    353 ;	Register assignment is optimal.
                                    354 ;	Stack space usage: 0 bytes.
      000015                        355 _UART3_TX_IRQHandler:
                                    356 ;	./src/stm8s_it.c: 395: }
                                    357 ; genLabel
      000015                        358 00101$:
                                    359 ; genEndFunction
      000015 80               [11]  360 	iret
                                    361 ;	./src/stm8s_it.c: 402: INTERRUPT_HANDLER(UART3_RX_IRQHandler, 21)
                                    362 ; genLabel
                                    363 ;	-----------------------------------------
                                    364 ;	 function UART3_RX_IRQHandler
                                    365 ;	-----------------------------------------
                                    366 ;	Register assignment is optimal.
                                    367 ;	Stack space usage: 0 bytes.
      000016                        368 _UART3_RX_IRQHandler:
                                    369 ;	./src/stm8s_it.c: 407: }
                                    370 ; genLabel
      000016                        371 00101$:
                                    372 ; genEndFunction
      000016 80               [11]  373 	iret
                                    374 ;	./src/stm8s_it.c: 416: INTERRUPT_HANDLER(ADC2_IRQHandler, 22)
                                    375 ; genLabel
                                    376 ;	-----------------------------------------
                                    377 ;	 function ADC2_IRQHandler
                                    378 ;	-----------------------------------------
                                    379 ;	Register assignment is optimal.
                                    380 ;	Stack space usage: 0 bytes.
      000017                        381 _ADC2_IRQHandler:
                                    382 ;	./src/stm8s_it.c: 422: return;
                                    383 ; genReturn
                                    384 ; genLabel
      000017                        385 00101$:
                                    386 ;	./src/stm8s_it.c: 424: }
                                    387 ; genEndFunction
      000017 80               [11]  388 	iret
                                    389 ;	./src/stm8s_it.c: 473: INTERRUPT_HANDLER(TIM4_UPD_OVF_IRQHandler, 23)
                                    390 ; genLabel
                                    391 ;	-----------------------------------------
                                    392 ;	 function TIM4_UPD_OVF_IRQHandler
                                    393 ;	-----------------------------------------
                                    394 ;	Register assignment might be sub-optimal.
                                    395 ;	Stack space usage: 0 bytes.
      000018                        396 _TIM4_UPD_OVF_IRQHandler:
                                    397 ;	Reset bit 6 of reg CC. Hardware bug workaround.
      000018 62               [ 2]  398 	div	x, a
                                    399 ;	./src/stm8s_it.c: 475: TIM4_ClearFlag(TIM4_FLAG_UPDATE);
                                    400 ; genSend
      000019 A6 01            [ 1]  401 	ld	a, #0x01
                                    402 ; genCall
      00001B CDr00r00         [ 4]  403 	call	_TIM4_ClearFlag
                                    404 ;	./src/stm8s_it.c: 476: miliseconds++;
                                    405 ; genAssign
      00001E CEu00u02         [ 2]  406 	ldw	x, _miliseconds+2
      000021 90 CEu00u00      [ 2]  407 	ldw	y, _miliseconds+0
                                    408 ; genPlus
      000025 5C               [ 1]  409 	incw	x
      000026 26 02            [ 1]  410 	jrne	00103$
      000028 90 5C            [ 1]  411 	incw	y
      00002A                        412 00103$:
                                    413 ; genAssign
      00002A CFu00u02         [ 2]  414 	ldw	_miliseconds+2, x
      00002D 90 CFu00u00      [ 2]  415 	ldw	_miliseconds+0, y
                                    416 ; genLabel
      000031                        417 00101$:
                                    418 ;	./src/stm8s_it.c: 477: }
                                    419 ; genEndFunction
      000031 80               [11]  420 	iret
                                    421 ;	./src/stm8s_it.c: 485: INTERRUPT_HANDLER(EEPROM_EEC_IRQHandler, 24)
                                    422 ; genLabel
                                    423 ;	-----------------------------------------
                                    424 ;	 function EEPROM_EEC_IRQHandler
                                    425 ;	-----------------------------------------
                                    426 ;	Register assignment is optimal.
                                    427 ;	Stack space usage: 0 bytes.
      000032                        428 _EEPROM_EEC_IRQHandler:
                                    429 ;	./src/stm8s_it.c: 490: }
                                    430 ; genLabel
      000032                        431 00101$:
                                    432 ; genEndFunction
      000032 80               [11]  433 	iret
                                    434 	.area CODE
                                    435 	.area CONST
                                    436 	.area INITIALIZER
                                    437 	.area CABS (ABS)
